---
source: src/test.rs
expression: evaluate_example(path)
input_file: tests/record.nu
---
==== COMPILER ====
==== NAME ====

==== STRING ====
0: StringNode (1 to 2)
1: StringNode (7 to 8)
==== VARIABLE ====

==== EXPRESSION ====
0: String(StringNodeId(0)) (1 to 2)
1: Int (4 to 5)
2: String(StringNodeId(1)) (7 to 8)
3: Int (10 to 11)
4: Record { pairs: [(ExpressionNodeId(0), ExpressionNodeId(1)), (ExpressionNodeId(2), ExpressionNodeId(3))] } (0 to 12)
==== AST_NODES ====

==== STATEMENTS ====

==== BLOCKS ====
0: BlockNode { nodes: [ExpressionNodeId(4)] } (0 to 13)
==== NODE INDEXER ====
0: String(StringNodeId(0)) (1 to 2) "a"
1: Int (4 to 5) "1"
2: String(StringNodeId(1)) (7 to 8) "b"
3: Int (10 to 11) "2"
4: Record { pairs: [(ExpressionNodeId(0), ExpressionNodeId(1)), (ExpressionNodeId(2), ExpressionNodeId(3))] } (0 to 12)
5: BlockNode { nodes: [ExpressionNodeId(4)] } (0 to 13)
==== SCOPE ====
0: Frame Scope, node_id: BlockId(0) (empty)
==== TYPES ====
0 -- ExpressionNodeId(0): unknown
1 -- ExpressionNodeId(1): int
2 -- ExpressionNodeId(2): unknown
3 -- ExpressionNodeId(3): int
4 -- ExpressionNodeId(4): record<a: int, b: int>
5 -- BlockId(0): record<a: int, b: int>
==== IR ====
register_count: 0
file_count: 0
==== IR ERRORS ====
Error (NodeId ExpressionNodeId(4)): node Record { pairs: [(ExpressionNodeId(0), ExpressionNodeId(1)), (ExpressionNodeId(2), ExpressionNodeId(3))] } not suported yet
