---
source: src/test.rs
expression: evaluate_example(path)
input_file: tests/binary_ops_spaces.nu
---
==== COMPILER ====
==== NAME ====

==== STRING ====

==== VARIABLE ====

==== EXPRESSION ====
0: Int (0 to 1)
1: Int (4 to 5)
2: BinaryOp { lhs: ExpressionNodeId(0), op: NodeId(0), rhs: ExpressionNodeId(1) } (0 to 5)
3: Int (6 to 7)
4: Int (9 to 10)
5: BinaryOp { lhs: ExpressionNodeId(3), op: NodeId(1), rhs: ExpressionNodeId(4) } (6 to 10)
6: Int (11 to 12)
7: Int (14 to 15)
8: BinaryOp { lhs: ExpressionNodeId(6), op: NodeId(2), rhs: ExpressionNodeId(7) } (11 to 15)
9: Int (16 to 17)
10: Int (18 to 19)
11: BinaryOp { lhs: ExpressionNodeId(9), op: NodeId(3), rhs: ExpressionNodeId(10) } (16 to 19)
==== AST_NODES ====
0: Plus (2 to 3)
1: Plus (7 to 8)
2: Plus (13 to 14)
3: Plus (17 to 18)
==== STATEMENTS ====

==== BLOCKS ====
0: BlockNode { nodes: [ExpressionNodeId(2), ExpressionNodeId(5), ExpressionNodeId(8), ExpressionNodeId(11)] } (0 to 20)
==== NODE INDEXER ====
0: Int (0 to 1) "1"
1: Plus (2 to 3)
2: Int (4 to 5) "2"
3: BinaryOp { lhs: ExpressionNodeId(0), op: NodeId(0), rhs: ExpressionNodeId(1) } (0 to 5)
4: Int (6 to 7) "1"
5: Plus (7 to 8)
6: Int (9 to 10) "2"
7: BinaryOp { lhs: ExpressionNodeId(3), op: NodeId(1), rhs: ExpressionNodeId(4) } (6 to 10)
8: Int (11 to 12) "1"
9: Plus (13 to 14)
10: Int (14 to 15) "2"
11: BinaryOp { lhs: ExpressionNodeId(6), op: NodeId(2), rhs: ExpressionNodeId(7) } (11 to 15)
12: Int (16 to 17) "1"
13: Plus (17 to 18)
14: Int (18 to 19) "2"
15: BinaryOp { lhs: ExpressionNodeId(9), op: NodeId(3), rhs: ExpressionNodeId(10) } (16 to 19)
16: BlockNode { nodes: [ExpressionNodeId(2), ExpressionNodeId(5), ExpressionNodeId(8), ExpressionNodeId(11)] } (0 to 20)
==== COMPILER ERRORS ====
Error (NodeId NodeId(1)): missing space before operator
Error (NodeId NodeId(2)): missing space after operator
Error (NodeId NodeId(3)): missing space before operator
Error (NodeId NodeId(3)): missing space after operator
