---
source: src/test.rs
expression: evaluate_example(path)
input_file: tests/if_.nu
---
==== COMPILER ====
0: Variable (4 to 5) "x"
1: Int (8 to 11) "123"
2: PipeElement { expr: NodeId(1), redirection: None } (8 to 11)
3: Let { variable_name: NodeId(0), ty: None, initializer: NodeId(2), is_mutable: false } (0 to 11)
4: Variable (16 to 18) "$x"
5: LessThan (19 to 20)
6: Int (21 to 24) "100"
7: BinaryOp { lhs: NodeId(4), op: NodeId(5), rhs: NodeId(6) } (16 to 24)
8: Int (31 to 32) "5"
9: Block(BlockId(0)) (25 to 35)
10: Variable (43 to 45) "$x"
11: GreaterThan (46 to 47)
12: Int (48 to 51) "200"
13: BinaryOp { lhs: NodeId(10), op: NodeId(11), rhs: NodeId(12) } (43 to 51)
14: Int (58 to 59) "6"
15: Block(BlockId(1)) (52 to 62)
16: Int (73 to 74) "7"
17: Block(BlockId(2)) (67 to 76)
18: If { condition: NodeId(13), then_block: NodeId(15), else_block: Some(NodeId(17)) } (40 to 76)
19: If { condition: NodeId(7), then_block: NodeId(9), else_block: Some(NodeId(18)) } (13 to 76)
20: Block(BlockId(3)) (0 to 77)
==== SCOPE ====
0: Frame Scope, node_id: NodeId(20)
  variables: [ x: NodeId(0) ]
1: Frame Scope, node_id: NodeId(9) (empty)
2: Frame Scope, node_id: NodeId(15) (empty)
3: Frame Scope, node_id: NodeId(17) (empty)
==== TYPES ====
0: int
1: int
2: int
3: ()
4: int
5: forbidden
6: int
7: bool
8: int
9: int
10: int
11: forbidden
12: int
13: bool
14: int
15: int
16: int
17: int
18: int
19: int
20: int
==== IR ====
register_count: 0
file_count: 0
==== IR ERRORS ====
Error (NodeId 3): node Let { variable_name: NodeId(0), ty: None, initializer: NodeId(2), is_mutable: false } not suported yet
