---
source: src/test.rs
expression: evaluate_example(path)
input_file: tests/closure2.nu
---
==== COMPILER ====
==== NAME ====

==== STRING ====

==== VARIABLE ====
0: VariableNode (4 to 6)
1: VariableNode (9 to 11)
==== EXPRESSION ====
0: Variable(VariableNodeId(0)) (4 to 6)
1: Variable(VariableNodeId(1)) (9 to 11)
2: BinaryOp { lhs: ExpressionNodeId(0), op: NodeId(0), rhs: ExpressionNodeId(1) } (4 to 11)
3: Closure { params: None, block: BlockId(0) } (0 to 13)
==== AST_NODES ====
0: Plus (7 to 8)
==== STATEMENTS ====

==== BLOCKS ====
0: BlockNode { nodes: [ExpressionNodeId(2)] } (4 to 12)
1: BlockNode { nodes: [ExpressionNodeId(3)] } (0 to 14)
==== NODE INDEXER ====
0: Variable(VariableNodeId(0)) (4 to 6) "$a"
1: Variable(VariableNodeId(0)) (4 to 6) "$a"
2: Plus (7 to 8)
3: Variable(VariableNodeId(1)) (9 to 11) "$b"
4: BinaryOp { lhs: ExpressionNodeId(0), op: NodeId(0), rhs: ExpressionNodeId(1) } (4 to 11)
5: BlockNode { nodes: [ExpressionNodeId(2)] } (4 to 12)
6: Closure { params: None, block: BlockId(0) } (0 to 13)
7: BlockNode { nodes: [ExpressionNodeId(3)] } (0 to 14)
==== SCOPE ====
0: Frame Scope, node_id: BlockId(1) (empty)
1: Frame Scope, node_id: BlockId(0) (empty)
==== SCOPE ERRORS ====
Error (NodeId ExpressionNodeId(0)): variable `a` not found
Error (NodeId ExpressionNodeId(1)): variable `b` not found
