---
source: src/test.rs
expression: evaluate_example(path)
input_file: tests/binary_ops_mismatch.nu
---
==== COMPILER ====
==== NAME ====

==== STRING ====
0: StringNode (0 to 3)
1: StringNode (10 to 13)
2: StringNode (30 to 33)
3: StringNode (42 to 48)
==== VARIABLE ====

==== EXPRESSION ====
0: String(StringNodeId(0)) (0 to 3)
1: Float (6 to 9)
2: BinaryOp { lhs: ExpressionNodeId(0), op: NodeId(0), rhs: ExpressionNodeId(1) } (0 to 9)
3: String(StringNodeId(1)) (10 to 13)
4: Float (17 to 20)
5: BinaryOp { lhs: ExpressionNodeId(3), op: NodeId(1), rhs: ExpressionNodeId(4) } (10 to 20)
6: True (21 to 25)
7: String(StringNodeId(2)) (30 to 33)
8: BinaryOp { lhs: ExpressionNodeId(6), op: NodeId(2), rhs: ExpressionNodeId(7) } (21 to 33)
9: True (34 to 38)
10: String(StringNodeId(3)) (42 to 48)
11: BinaryOp { lhs: ExpressionNodeId(9), op: NodeId(3), rhs: ExpressionNodeId(10) } (34 to 48)
==== AST_NODES ====
0: Plus (4 to 5)
1: Append (14 to 16)
2: And (26 to 29)
3: NotRegexMatch (39 to 41)
==== STATEMENTS ====

==== BLOCKS ====
0: BlockNode { nodes: [ExpressionNodeId(2), ExpressionNodeId(5), ExpressionNodeId(8), ExpressionNodeId(11)] } (0 to 49)
==== NODE INDEXER ====
0: String(StringNodeId(0)) (0 to 3) ""a""
1: Plus (4 to 5)
2: Float (6 to 9) "1.0"
3: BinaryOp { lhs: ExpressionNodeId(0), op: NodeId(0), rhs: ExpressionNodeId(1) } (0 to 9)
4: String(StringNodeId(1)) (10 to 13) ""a""
5: Append (14 to 16)
6: Float (17 to 20) "1.0"
7: BinaryOp { lhs: ExpressionNodeId(3), op: NodeId(1), rhs: ExpressionNodeId(4) } (10 to 20)
8: True (21 to 25)
9: And (26 to 29)
10: String(StringNodeId(2)) (30 to 33) ""a""
11: BinaryOp { lhs: ExpressionNodeId(6), op: NodeId(2), rhs: ExpressionNodeId(7) } (21 to 33)
12: True (34 to 38)
13: NotRegexMatch (39 to 41)
14: String(StringNodeId(3)) (42 to 48) ""true""
15: BinaryOp { lhs: ExpressionNodeId(9), op: NodeId(3), rhs: ExpressionNodeId(10) } (34 to 48)
16: BlockNode { nodes: [ExpressionNodeId(2), ExpressionNodeId(5), ExpressionNodeId(8), ExpressionNodeId(11)] } (0 to 49)
==== SCOPE ====
0: Frame Scope, node_id: BlockId(0) (empty)
==== TYPES ====
0 -- ExpressionNodeId(0): string
1 -- NodeId(0): forbidden
2 -- ExpressionNodeId(1): float
3 -- ExpressionNodeId(2): string
4 -- ExpressionNodeId(3): string
5 -- NodeId(1): error
6 -- ExpressionNodeId(4): float
7 -- ExpressionNodeId(5): error
8 -- ExpressionNodeId(6): bool
9 -- NodeId(2): forbidden
10 -- ExpressionNodeId(7): string
11 -- ExpressionNodeId(8): bool
12 -- ExpressionNodeId(9): bool
13 -- NodeId(3): forbidden
14 -- ExpressionNodeId(10): string
15 -- ExpressionNodeId(11): bool
16 -- BlockId(0): bool
==== TYPE ERRORS ====
Error (NodeId ExpressionNodeId(1)): Expected string, got float
Error (NodeId ExpressionNodeId(3)): Expected list<bottom> <: '0 <: list<top>, got string
Error (NodeId ExpressionNodeId(4)): Expected list<bottom> <: '0 <: list<top>, got float
Error (NodeId NodeId(1)): type mismatch: unsupported append between string and float
Error (NodeId ExpressionNodeId(7)): Expected bool, got string
Error (NodeId ExpressionNodeId(9)): Expected string, got bool
==== IR ====
register_count: 0
file_count: 0
==== IR ERRORS ====
Error (NodeId ExpressionNodeId(0)): node String(StringNodeId(0)) not suported yet
