---
source: src/test.rs
expression: evaluate_example(path)
input_file: tests/invalid_record.nu
---
==== COMPILER ====
==== NAME ====

==== STRING ====
0: StringNode (2 to 3)
1: StringNode (9 to 10)
==== VARIABLE ====

==== EXPRESSION ====
0: String(StringNodeId(0)) (2 to 3)
1: Int (5 to 6)
2: String(StringNodeId(1)) (9 to 10)
==== AST_NODES ====
0: Garbage (11 to 12)
1: Garbage (13 to 13)
==== STATEMENTS ====

==== BLOCKS ====

==== NODE INDEXER ====
0: String(StringNodeId(0)) (2 to 3) "a"
1: Int (5 to 6) "1"
2: String(StringNodeId(1)) (9 to 10) "b"
3: Garbage (11 to 12)
4: Garbage (13 to 13)
==== COMPILER ERRORS ====
Error (NodeId NodeId(0)): expected: colon ':'
Error (NodeId NodeId(1)): incomplete expression
