---
source: src/test.rs
expression: evaluate_example(path)
input_file: tests/calls_invalid.nu
---
==== COMPILER ====
==== NAME ====
0: NameNode (4 to 7) "foo"
1: NameNode (10 to 11) "a"
2: NameNode (13 to 16) "int"
3: NameNode (22 to 25) "foo"
4: NameNode (30 to 33) "foo"
==== STRING ====
0: StringNode (34 to 42)
==== VARIABLE ====

==== EXPRESSION ====
0: Name(NameNodeId(0)) (4 to 7)
1: Name(NameNodeId(1)) (10 to 11)
2: Name(NameNodeId(2)) (13 to 16)
3: Name(NameNodeId(3)) (22 to 25)
4: Int (26 to 27)
5: Int (28 to 29)
6: Call { head: [NameNodeId(3)], parts: [ExpressionNodeId(4), ExpressionNodeId(5)] } (22 to 29)
7: Name(NameNodeId(4)) (30 to 33)
8: String(StringNodeId(0)) (34 to 42)
9: Call { head: [NameNodeId(4)], parts: [ExpressionNodeId(8)] } (30 to 42)
==== AST_NODES ====
0: Type { name: NameNodeId(2), args: None, optional: false } (13 to 16)
1: Param { name: NameNodeId(1), ty: Some(NodeId(0)) } (10 to 16)
2: Params([NodeId(1)]) (8 to 18)
==== STATEMENTS ====
0: Def { name: Name(NameNodeId(0)), type_params: None, params: NodeId(2), in_out_types: None, block: BlockId(0), env: false, wrapped: false } (0 to 21)
==== BLOCKS ====
0: BlockNode { nodes: [] } (19 to 21)
1: BlockNode { nodes: [StatementNodeId(0), ExpressionNodeId(6), ExpressionNodeId(9)] } (0 to 43)
==== NODE INDEXER ====
0: Name(NameNodeId(0)) (4 to 7) "foo"
1: Name(NameNodeId(1)) (10 to 11) "a"
2: Name(NameNodeId(2)) (13 to 16) "int"
3: Type { name: NameNodeId(2), args: None, optional: false } (13 to 16)
4: Param { name: NameNodeId(1), ty: Some(NodeId(0)) } (10 to 16)
5: Params([NodeId(1)]) (8 to 18)
6: BlockNode { nodes: [] } (19 to 21)
7: Def { name: Name(NameNodeId(0)), type_params: None, params: NodeId(2), in_out_types: None, block: BlockId(0), env: false, wrapped: false } (0 to 21)
8: Name(NameNodeId(3)) (22 to 25) "foo"
9: Int (26 to 27) "1"
10: Int (28 to 29) "2"
11: Call { head: [NameNodeId(3)], parts: [ExpressionNodeId(4), ExpressionNodeId(5)] } (22 to 29)
12: Name(NameNodeId(4)) (30 to 33) "foo"
13: String(StringNodeId(0)) (34 to 42) ""string""
14: Call { head: [NameNodeId(4)], parts: [ExpressionNodeId(8)] } (30 to 42)
15: BlockNode { nodes: [StatementNodeId(0), ExpressionNodeId(6), ExpressionNodeId(9)] } (0 to 43)
==== SCOPE ====
0: Frame Scope, node_id: BlockId(1)
      decls: [ foo: Name(NameNodeId(0)) ]
1: Frame Scope, node_id: BlockId(0)
  variables: [ a: Name(NameNodeId(1)) ]
==== TYPES ====
0 -- ExpressionNodeId(0): unknown
1 -- ExpressionNodeId(1): unknown
2 -- ExpressionNodeId(2): unknown
3 -- NodeId(0): int
4 -- NodeId(1): int
5 -- NodeId(2): forbidden
6 -- BlockId(0): ()
7 -- StatementNodeId(0): ()
8 -- ExpressionNodeId(3): unknown
9 -- ExpressionNodeId(4): int
10 -- ExpressionNodeId(5): int
11 -- ExpressionNodeId(6): ()
12 -- ExpressionNodeId(7): unknown
13 -- ExpressionNodeId(8): string
14 -- ExpressionNodeId(9): ()
15 -- BlockId(1): ()
==== TYPE ERRORS ====
Error (NodeId ExpressionNodeId(6)): Expected 1 argument(s), got 2
Error (NodeId ExpressionNodeId(8)): Expected int, got string
==== IR ====
register_count: 0
file_count: 0
==== IR ERRORS ====
Error (NodeId StatementNodeId(0)): statement generation not supported yet
