---
source: src/test.rs
expression: evaluate_example(path)
input_file: tests/while.nu
---
==== COMPILER ====
==== NAME ====

==== STRING ====

==== VARIABLE ====
0: VariableNode (4 to 5)
1: VariableNode (26 to 28)
==== EXPRESSION ====
0: Variable(VariableNodeId(0)) (4 to 5)
1: Int (8 to 9)
2: Int (16 to 17)
3: Int (20 to 21)
4: BinaryOp { lhs: ExpressionNodeId(2), op: NodeId(0), rhs: ExpressionNodeId(3) } (16 to 21)
5: Variable(VariableNodeId(1)) (26 to 28)
6: Int (32 to 33)
7: BinaryOp { lhs: ExpressionNodeId(5), op: NodeId(1), rhs: ExpressionNodeId(6) } (26 to 33)
==== AST_NODES ====
0: LessThan (18 to 19)
1: AddAssignment (29 to 31)
==== STATEMENTS ====
0: Let { variable_name: VariableNodeId(0), ty: None, initializer: ExpressionNodeId(1), is_mutable: true } (0 to 9)
1: While { condition: ExpressionNodeId(4), block: BlockId(0) } (10 to 35)
==== BLOCKS ====
0: BlockNode { nodes: [ExpressionNodeId(7)] } (22 to 35)
1: BlockNode { nodes: [StatementNodeId(0), StatementNodeId(1)] } (0 to 36)
==== NODE INDEXER ====
0: Variable(VariableNodeId(0)) (4 to 5) "x"
1: Int (8 to 9) "0"
2: Let { variable_name: VariableNodeId(0), ty: None, initializer: ExpressionNodeId(1), is_mutable: true } (0 to 9)
3: Int (16 to 17) "1"
4: LessThan (18 to 19)
5: Int (20 to 21) "2"
6: BinaryOp { lhs: ExpressionNodeId(2), op: NodeId(0), rhs: ExpressionNodeId(3) } (16 to 21)
7: Variable(VariableNodeId(1)) (26 to 28) "$x"
8: AddAssignment (29 to 31)
9: Int (32 to 33) "1"
10: BinaryOp { lhs: ExpressionNodeId(5), op: NodeId(1), rhs: ExpressionNodeId(6) } (26 to 33)
11: BlockNode { nodes: [ExpressionNodeId(7)] } (22 to 35)
12: While { condition: ExpressionNodeId(4), block: BlockId(0) } (10 to 35)
13: BlockNode { nodes: [StatementNodeId(0), StatementNodeId(1)] } (0 to 36)
==== SCOPE ====
0: Frame Scope, node_id: BlockId(1)
  variables: [ x: Variable(VariableNodeId(0)) ]
1: Frame Scope, node_id: BlockId(0) (empty)
==== TYPES ====
0 -- ExpressionNodeId(0): int
1 -- ExpressionNodeId(1): int
2 -- StatementNodeId(0): ()
3 -- ExpressionNodeId(2): int
4 -- NodeId(0): forbidden
5 -- ExpressionNodeId(3): int
6 -- ExpressionNodeId(4): bool
7 -- ExpressionNodeId(5): int
8 -- NodeId(1): forbidden
9 -- ExpressionNodeId(6): int
10 -- ExpressionNodeId(7): ()
11 -- BlockId(0): ()
12 -- StatementNodeId(1): ()
13 -- BlockId(1): ()
==== IR ====
register_count: 0
file_count: 0
==== IR ERRORS ====
Error (NodeId StatementNodeId(0)): statement generation not supported yet
