---
source: src/test.rs
expression: evaluate_example(path)
input_file: tests/string.nu
snapshot_kind: text
---
==== COMPILER ====
0: String (0 to 13) ""hello world""
1: String (14 to 27) "'hello world'"
2: Block(BlockId(0)) (0 to 27)
==== SCOPE ====
0: Frame Scope, node_id: NodeId(2) (empty)
==== TYPES ====
0: string
1: string
2: string
