---
source: src/test.rs
expression: evaluate_example(path)
input_file: tests/let_mismatch.nu
---
==== COMPILER ====
0: Variable (4 to 5) "x"
1: Name (7 to 13) "number"
2: Type { name: NodeId(1), args: None, optional: false } (7 to 13)
3: Int (16 to 18) "10"
4: PipeElement { expr: NodeId(3), redirection: None } (16 to 20)
5: Let { variable_name: NodeId(0), ty: Some(NodeId(2)), initializer: NodeId(4), is_mutable: false } (0 to 20)
6: Variable (32 to 33) "y"
7: Name (35 to 38) "any"
8: Type { name: NodeId(7), args: None, optional: false } (35 to 38)
9: String (41 to 47) ""spam""
10: PipeElement { expr: NodeId(9), redirection: None } (41 to 48)
11: Let { variable_name: NodeId(6), ty: Some(NodeId(8)), initializer: NodeId(10), is_mutable: false } (28 to 48)
12: Variable (60 to 61) "z"
13: Name (63 to 69) "string"
14: Type { name: NodeId(13), args: None, optional: false } (63 to 69)
15: Int (72 to 75) "123"
16: PipeElement { expr: NodeId(15), redirection: None } (72 to 76)
17: Let { variable_name: NodeId(12), ty: Some(NodeId(14)), initializer: NodeId(16), is_mutable: false } (56 to 76)
18: Variable (91 to 92) "w"
19: Name (94 to 98) "list"
20: Name (99 to 103) "list"
21: Name (104 to 107) "int"
22: Type { name: NodeId(21), args: None, optional: false } (104 to 107)
23: TypeArgs(TypeArgsId(0)) (103 to 108)
24: Type { name: NodeId(20), args: Some(NodeId(23)), optional: false } (99 to 103)
25: TypeArgs(TypeArgsId(1)) (98 to 109)
26: Type { name: NodeId(19), args: Some(NodeId(25)), optional: false } (94 to 98)
27: String (116 to 119) "'a'"
28: List(ListId(0)) (114 to 120)
29: List(ListId(1)) (112 to 122)
30: PipeElement { expr: NodeId(29), redirection: None } (112 to 123)
31: Let { variable_name: NodeId(18), ty: Some(NodeId(26)), initializer: NodeId(30), is_mutable: false } (87 to 123)
32: Variable (128 to 129) "v"
33: Name (131 to 137) "record"
34: Name (138 to 139) "a"
35: Name (141 to 144) "int"
36: Type { name: NodeId(35), args: None, optional: false } (141 to 144)
37: PosParam { name: NodeId(34), ty: Some(NodeId(36)), custom_completion: None, default: None, is_optional: false } (138 to 144)
38: Params(ParamsId(0)) (137 to 145)
39: RecordType { fields: NodeId(38), optional: false } (131 to 146)
40: String (149 to 150) "a"
41: String (152 to 157) ""foo""
42: Record(RecordId(0)) (148 to 158)
43: PipeElement { expr: NodeId(42), redirection: None } (148 to 158)
44: Let { variable_name: NodeId(32), ty: Some(NodeId(39)), initializer: NodeId(43), is_mutable: false } (124 to 158)
45: Block(BlockId(0)) (0 to 159)
==== SCOPE ====
0: Frame Scope, node_id: NodeId(45)
  variables: [ v: NodeId(32), w: NodeId(18), x: NodeId(0), y: NodeId(6), z: NodeId(12) ]
==== TYPES ====
0: number
1: unknown
2: number
3: int
4: int
5: ()
6: any
7: unknown
8: any
9: string
10: string
11: ()
12: string
13: unknown
14: string
15: int
16: int
17: ()
18: list<list<int>>
19: unknown
20: unknown
21: unknown
22: int
23: forbidden
24: list<int>
25: forbidden
26: list<list<int>>
27: string
28: list<string>
29: list<list<string>>
30: list<list<string>>
31: ()
32: record<a: int>
33: unknown
34: unknown
35: unknown
36: int
37: unknown
38: unknown
39: record<a: int>
40: unknown
41: string
42: record<a: string>
43: record<a: string>
44: ()
45: ()
==== TYPE ERRORS ====
Error (NodeId 15): Expected string, got int
Error (NodeId 16): Expected string, got int
Error (NodeId 27): Expected int, got string
Error (NodeId 28): Expected list<int>, got list<string>
Error (NodeId 29): Expected list<list<int>>, got list<list<string>>
Error (NodeId 30): Expected list<list<int>>, got list<list<string>>
Error (NodeId 42): Expected record<a: int>, got record<a: string>
Error (NodeId 43): Expected record<a: int>, got record<a: string>
==== IR ====
register_count: 0
file_count: 0
==== IR ERRORS ====
Error (NodeId 5): node Let { variable_name: NodeId(0), ty: Some(NodeId(2)), initializer: NodeId(4), is_mutable: false } not suported yet
