---
source: src/test.rs
expression: evaluate_example(path)
input_file: tests/string_operation.nu
---
==== COMPILER ====
==== NAME ====

==== STRING ====
0: StringNode (0 to 5)
1: StringNode (8 to 13)
==== VARIABLE ====

==== EXPRESSION ====
0: String(StringNodeId(0)) (0 to 5)
1: String(StringNodeId(1)) (8 to 13)
2: BinaryOp { lhs: ExpressionNodeId(0), op: NodeId(0), rhs: ExpressionNodeId(1) } (0 to 13)
==== AST_NODES ====
0: Plus (6 to 7)
==== STATEMENTS ====

==== BLOCKS ====
0: BlockNode { nodes: [ExpressionNodeId(2)] } (0 to 13)
==== NODE INDEXER ====
0: String(StringNodeId(0)) (0 to 5) ""abc""
1: Plus (6 to 7)
2: String(StringNodeId(1)) (8 to 13) ""def""
3: BinaryOp { lhs: ExpressionNodeId(0), op: NodeId(0), rhs: ExpressionNodeId(1) } (0 to 13)
4: BlockNode { nodes: [ExpressionNodeId(2)] } (0 to 13)
==== SCOPE ====
0: Frame Scope, node_id: BlockId(0) (empty)
==== TYPES ====
0 -- ExpressionNodeId(0): string
1 -- NodeId(0): forbidden
2 -- ExpressionNodeId(1): string
3 -- ExpressionNodeId(2): string
4 -- BlockId(0): string
==== IR ====
register_count: 0
file_count: 0
==== IR ERRORS ====
Error (NodeId ExpressionNodeId(0)): node String(StringNodeId(0)) not suported yet
