---
source: src/test.rs
expression: evaluate_example(path)
input_file: tests/let_.nu
---
==== COMPILER ====
==== NAME ====

==== STRING ====

==== VARIABLE ====
0: VariableNode (4 to 5)
1: VariableNode (13 to 15)
2: VariableNode (21 to 22)
3: VariableNode (36 to 38)
==== EXPRESSION ====
0: Variable(VariableNodeId(0)) (4 to 5)
1: Int (8 to 11)
2: Variable(VariableNodeId(1)) (13 to 15)
3: Variable(VariableNodeId(2)) (21 to 22)
4: Int (25 to 28)
5: Int (31 to 34)
6: Pipeline(PipelineId(0)) (25 to 34)
7: Variable(VariableNodeId(3)) (36 to 38)
==== AST_NODES ====

==== STATEMENTS ====
0: Let { variable_name: VariableNodeId(0), ty: None, initializer: ExpressionNodeId(1), is_mutable: false } (0 to 11)
1: Let { variable_name: VariableNodeId(2), ty: None, initializer: ExpressionNodeId(6), is_mutable: false } (17 to 34)
==== BLOCKS ====
0: BlockNode { nodes: [StatementNodeId(0), ExpressionNodeId(2), StatementNodeId(1), ExpressionNodeId(7)] } (0 to 39)
==== NODE INDEXER ====
0: Variable(VariableNodeId(0)) (4 to 5) "x"
1: Int (8 to 11) "123"
2: Let { variable_name: VariableNodeId(0), ty: None, initializer: ExpressionNodeId(1), is_mutable: false } (0 to 11)
3: Variable(VariableNodeId(1)) (13 to 15) "$x"
4: Variable(VariableNodeId(2)) (21 to 22) "x"
5: Int (25 to 28) "123"
6: Int (31 to 34) "456"
7: Pipeline(PipelineId(0)) (25 to 34)
8: Let { variable_name: VariableNodeId(2), ty: None, initializer: ExpressionNodeId(6), is_mutable: false } (17 to 34)
9: Variable(VariableNodeId(3)) (36 to 38) "$x"
10: BlockNode { nodes: [StatementNodeId(0), ExpressionNodeId(2), StatementNodeId(1), ExpressionNodeId(7)] } (0 to 39)
==== SCOPE ====
0: Frame Scope, node_id: BlockId(0)
  variables: [ x: Variable(VariableNodeId(2)) ]
==== TYPES ====
0 -- ExpressionNodeId(0): int
1 -- ExpressionNodeId(1): int
2 -- StatementNodeId(0): ()
3 -- ExpressionNodeId(2): int
4 -- ExpressionNodeId(3): int
5 -- ExpressionNodeId(4): int
6 -- ExpressionNodeId(5): int
7 -- ExpressionNodeId(6): int
8 -- StatementNodeId(1): ()
9 -- ExpressionNodeId(7): int
10 -- BlockId(0): int
==== IR ====
register_count: 0
file_count: 0
==== IR ERRORS ====
Error (NodeId StatementNodeId(0)): statement generation not supported yet
