---
source: src/test.rs
expression: evaluate_example(path)
input_file: tests/literals.nu
---
==== COMPILER ====
0: Expr(True) (1 to 5)
1: Expr(Null) (6 to 10)
2: Expr(Int) (11 to 12) "1"
3: Expr(String) (13 to 16) "abc"
4: Expr(String) (17 to 22) ""foo""
5: Expr(List([NodeId(0), NodeId(1), NodeId(2), NodeId(3), NodeId(4)])) (0 to 22)
6: Expr(Block(BlockId(0))) (0 to 24)
==== SCOPE ====
0: Frame Scope, node_id: NodeId(6) (empty)
==== TYPES ====
0: bool
1: nothing
2: int
3: string
4: string
5: list<any>
6: list<any>
==== IR ====
register_count: 0
file_count: 0
==== IR ERRORS ====
Error (NodeId 5): node Expr(List([NodeId(0), NodeId(1), NodeId(2), NodeId(3), NodeId(4)])) not suported yet
