---
source: src/test.rs
expression: evaluate_lexer(path)
input_file: tests/lex/int.nu
snapshot_kind: text
---
==== TOKENS ====
Token3    0: Int                       span:    0 ..    1 '0'
Token3    1: Newline                   span:    1 ..    2 '\n'
Token3    2: Int                       span:    2 ..    4 '00'
Token3    3: Newline                   span:    4 ..    5 '\n'
Token3    4: Int                       span:    5 ..   10 '0x123'
Token3    5: Newline                   span:   10 ..   11 '\n'
Token3    6: Int                       span:   11 ..   16 '0b101'
Token3    7: Newline                   span:   16 ..   17 '\n'
Token3    8: Int                       span:   17 ..   19 '0_'
Token3    9: Newline                   span:   19 ..   20 '\n'
Token3   10: Bareword                  span:   20 ..   23 '0bo'
Token3   11: Newline                   span:   23 ..   24 '\n'
Token3   12: Bareword                  span:   24 ..   26 '0x'
Token3   13: Newline                   span:   26 ..   27 '\n'
Token3   14: Bareword                  span:   27 ..   32 '01x10'
Token3   15: Newline                   span:   32 ..   33 '\n'
Token3   16: Eof                       span:   33 ..   33 ''
