---
source: src/test.rs
expression: evaluate_lexer(path)
input_file: tests/lex/bareword.nu
snapshot_kind: text
---
Token    0: Name                      span:    0 ..    1 '_'
Token    1: Newline                   span:    1 ..    2 '\n'
Token    2: Name                      span:    2 ..    4 '_0'
Token    3: Newline                   span:    4 ..    5 '\n'
Token    4: Name                      span:    5 ..    8 'foo'
Token    5: Name                      span:    9 ..   12 'bar'
Token    6: Newline                   span:   12 ..   13 '\n'
Token    7: Name                      span:   13 ..   16 'foo'
Token    8: Dot                       span:   16 ..   17 '.'
Token    9: Name                      span:   17 ..   20 'bar'
Token   10: Newline                   span:   20 ..   21 '\n'
