---
source: src/test.rs
expression: evaluate_lexer(path)
input_file: tests/lex/float.nu
snapshot_kind: text
---
Token    0: Number                    span:    0 ..    3 '1.0'
Token    1: Newline                   span:    3 ..    4 '\n'
Token    2: Number                    span:    4 ..    9 '01.10'
Token    3: Newline                   span:    9 ..   10 '\n'
Token    4: Number                    span:   10 ..   15 '1.0e1'
Token    5: Newline                   span:   15 ..   16 '\n'
Token    6: Number                    span:   16 ..   22 '1.0e01'
Token    7: Newline                   span:   22 ..   23 '\n'
Token    8: Dot                       span:   23 ..   24 '.'
Token    9: Number                    span:   24 ..   25 '2'
Token   10: Newline                   span:   25 ..   26 '\n'
Token   11: Number                    span:   26 ..   27 '2'
Token   12: Dot                       span:   27 ..   28 '.'
Token   13: Newline                   span:   28 ..   29 '\n'
Token   14: Dot                       span:   29 ..   30 '.'
Token   15: Number                    span:   30 ..   31 '3'
Token   16: Name                      span:   31 ..   33 'e3'
Token   17: Newline                   span:   33 ..   34 '\n'
Token   18: Number                    span:   34 ..   35 '3'
Token   19: Dot                       span:   35 ..   36 '.'
Token   20: Name                      span:   36 ..   38 'e3'
Token   21: Newline                   span:   38 ..   39 '\n'
Token   22: Dot                       span:   39 ..   40 '.'
Token   23: Number                    span:   40 ..   41 '1'
Token   24: Name                      span:   41 ..   42 'e'
Token   25: Dash                      span:   42 ..   43 '-'
Token   26: Number                    span:   43 ..   45 '10'
Token   27: Newline                   span:   45 ..   46 '\n'
Token   28: Dot                       span:   46 ..   47 '.'
Token   29: Number                    span:   47 ..   48 '2'
Token   30: Name                      span:   48 ..   49 'e'
Token   31: Plus                      span:   49 ..   50 '+'
Token   32: Number                    span:   50 ..   52 '20'
Token   33: Newline                   span:   52 ..   53 '\n'
Token   34: Number                    span:   53 ..   55 '45'
Token   35: Name                      span:   55 ..   58 '_67'
Token   36: Dot                       span:   58 ..   59 '.'
Token   37: Number                    span:   59 ..   60 '8'
Token   38: Name                      span:   60 ..   62 '_9'
Token   39: Newline                   span:   62 ..   63 '\n'
Token   40: Number                    span:   63 ..   65 '45'
Token   41: Name                      span:   65 ..   66 '_'
Token   42: Dot                       span:   66 ..   67 '.'
Token   43: Number                    span:   67 ..   68 '8'
Token   44: Name                      span:   68 ..   69 '_'
Token   45: Newline                   span:   69 ..   70 '\n'
Token   46: Name                      span:   70 ..   71 '_'
Token   47: Dot                       span:   71 ..   72 '.'
Token   48: Number                    span:   72 ..   73 '3'
Token   49: Newline                   span:   73 ..   74 '\n'
Token   50: Name                      span:   74 ..   77 '_44'
Token   51: Dot                       span:   77 ..   78 '.'
Token   52: Number                    span:   78 ..   80 '44'
Token   53: Newline                   span:   80 ..   81 '\n'
Token   54: Number                    span:   81 ..   82 '5'
Token   55: Dot                       span:   82 ..   83 '.'
Token   56: Name                      span:   83 ..   84 '_'
Token   57: Newline                   span:   84 ..   85 '\n'
Token   58: Name                      span:   85 ..   86 '_'
Token   59: Dot                       span:   86 ..   87 '.'
Token   60: Name                      span:   87 ..   88 '_'
Token   61: Newline                   span:   88 ..   89 '\n'
