---
source: src/test.rs
expression: evaluate_example(path)
input_file: tests/mut_.nu
---
==== COMPILER ====
==== NAME ====
0: NameNode (7 to 10) "int"
1: NameNode (39 to 42) "int"
==== STRING ====

==== VARIABLE ====
0: VariableNode (4 to 5)
1: VariableNode (18 to 20)
2: VariableNode (36 to 37)
3: VariableNode (56 to 58)
==== EXPRESSION ====
0: Variable(VariableNodeId(0)) (4 to 5)
1: Name(NameNodeId(0)) (7 to 10)
2: Int (13 to 16)
3: Variable(VariableNodeId(1)) (18 to 20)
4: Int (23 to 24)
5: Int (27 to 30)
6: BinaryOp { lhs: ExpressionNodeId(4), op: NodeId(2), rhs: ExpressionNodeId(5) } (23 to 30)
7: BinaryOp { lhs: ExpressionNodeId(3), op: NodeId(1), rhs: ExpressionNodeId(6) } (18 to 30)
8: Variable(VariableNodeId(2)) (36 to 37)
9: Name(NameNodeId(1)) (39 to 42)
10: Int (45 to 48)
11: Int (51 to 54)
12: Pipeline(PipelineId(0)) (45 to 54)
13: Variable(VariableNodeId(3)) (56 to 58)
14: Int (61 to 62)
15: Int (65 to 66)
16: BinaryOp { lhs: ExpressionNodeId(14), op: NodeId(5), rhs: ExpressionNodeId(15) } (61 to 66)
17: BinaryOp { lhs: ExpressionNodeId(13), op: NodeId(4), rhs: ExpressionNodeId(16) } (56 to 66)
==== AST_NODES ====
0: Type { name: NameNodeId(0), args: None, optional: false } (7 to 10)
1: Assignment (21 to 22)
2: Plus (25 to 26)
3: Type { name: NameNodeId(1), args: None, optional: false } (39 to 42)
4: Assignment (59 to 60)
5: Plus (63 to 64)
==== STATEMENTS ====
0: Let { variable_name: VariableNodeId(0), ty: Some(NodeId(0)), initializer: ExpressionNodeId(2), is_mutable: true } (0 to 16)
1: Let { variable_name: VariableNodeId(2), ty: Some(NodeId(3)), initializer: ExpressionNodeId(12), is_mutable: true } (32 to 54)
==== BLOCKS ====
0: BlockNode { nodes: [StatementNodeId(0), ExpressionNodeId(7), StatementNodeId(1), ExpressionNodeId(17)] } (0 to 68)
==== NODE INDEXER ====
0: Variable(VariableNodeId(0)) (4 to 5) "x"
1: Name(NameNodeId(0)) (7 to 10) "int"
2: Type { name: NameNodeId(0), args: None, optional: false } (7 to 10)
3: Int (13 to 16) "123"
4: Let { variable_name: VariableNodeId(0), ty: Some(NodeId(0)), initializer: ExpressionNodeId(2), is_mutable: true } (0 to 16)
5: Variable(VariableNodeId(1)) (18 to 20) "$x"
6: Assignment (21 to 22)
7: Int (23 to 24) "3"
8: Plus (25 to 26)
9: Int (27 to 30) "456"
10: BinaryOp { lhs: ExpressionNodeId(4), op: NodeId(2), rhs: ExpressionNodeId(5) } (23 to 30)
11: BinaryOp { lhs: ExpressionNodeId(3), op: NodeId(1), rhs: ExpressionNodeId(6) } (18 to 30)
12: Variable(VariableNodeId(2)) (36 to 37) "y"
13: Name(NameNodeId(1)) (39 to 42) "int"
14: Type { name: NameNodeId(1), args: None, optional: false } (39 to 42)
15: Int (45 to 48) "123"
16: Int (51 to 54) "344"
17: Pipeline(PipelineId(0)) (45 to 54)
18: Let { variable_name: VariableNodeId(2), ty: Some(NodeId(3)), initializer: ExpressionNodeId(12), is_mutable: true } (32 to 54)
19: Variable(VariableNodeId(3)) (56 to 58) "$y"
20: Assignment (59 to 60)
21: Int (61 to 62) "3"
22: Plus (63 to 64)
23: Int (65 to 66) "1"
24: BinaryOp { lhs: ExpressionNodeId(14), op: NodeId(5), rhs: ExpressionNodeId(15) } (61 to 66)
25: BinaryOp { lhs: ExpressionNodeId(13), op: NodeId(4), rhs: ExpressionNodeId(16) } (56 to 66)
26: BlockNode { nodes: [StatementNodeId(0), ExpressionNodeId(7), StatementNodeId(1), ExpressionNodeId(17)] } (0 to 68)
==== SCOPE ====
0: Frame Scope, node_id: BlockId(0)
  variables: [ x: Variable(VariableNodeId(0)), y: Variable(VariableNodeId(2)) ]
==== TYPES ====
0 -- ExpressionNodeId(0): int
1 -- ExpressionNodeId(1): unknown
2 -- NodeId(0): int
3 -- ExpressionNodeId(2): int
4 -- StatementNodeId(0): ()
5 -- ExpressionNodeId(3): int
6 -- NodeId(1): forbidden
7 -- ExpressionNodeId(4): int
8 -- NodeId(2): forbidden
9 -- ExpressionNodeId(5): int
10 -- ExpressionNodeId(6): int
11 -- ExpressionNodeId(7): ()
12 -- ExpressionNodeId(8): int
13 -- ExpressionNodeId(9): unknown
14 -- NodeId(3): int
15 -- ExpressionNodeId(10): int
16 -- ExpressionNodeId(11): int
17 -- ExpressionNodeId(12): int
18 -- StatementNodeId(1): ()
19 -- ExpressionNodeId(13): int
20 -- NodeId(4): forbidden
21 -- ExpressionNodeId(14): int
22 -- NodeId(5): forbidden
23 -- ExpressionNodeId(15): int
24 -- ExpressionNodeId(16): int
25 -- ExpressionNodeId(17): ()
26 -- BlockId(0): ()
==== IR ====
register_count: 0
file_count: 0
==== IR ERRORS ====
Error (NodeId StatementNodeId(0)): statement generation not supported yet
