---
source: src/test.rs
expression: evaluate_example(path)
input_file: tests/reparse.nu
---
==== COMPILER ====
==== NAME ====
0: NameNode (10 to 11) "a"
==== STRING ====
0: StringNode (28 to 29)
1: StringNode (31 to 32)
==== VARIABLE ====
0: VariableNode (4 to 5)
1: VariableNode (13 to 15)
2: VariableNode (22 to 23)
==== EXPRESSION ====
0: Variable(VariableNodeId(0)) (4 to 5)
1: Name(NameNodeId(0)) (10 to 11)
2: Variable(VariableNodeId(1)) (13 to 15)
3: Closure { params: Some(NodeId(1)), block: BlockId(0) } (8 to 17)
4: Variable(VariableNodeId(2)) (22 to 23)
5: String(StringNodeId(0)) (28 to 29)
6: String(StringNodeId(1)) (31 to 32)
7: Record { pairs: [(ExpressionNodeId(5), ExpressionNodeId(6))] } (26 to 34)
==== AST_NODES ====
0: Param { name: NameNodeId(0), ty: None } (10 to 11)
1: Params([NodeId(0)]) (9 to 12)
==== STATEMENTS ====
0: Let { variable_name: VariableNodeId(0), ty: None, initializer: ExpressionNodeId(3), is_mutable: false } (0 to 17)
1: Let { variable_name: VariableNodeId(2), ty: None, initializer: ExpressionNodeId(7), is_mutable: false } (18 to 34)
==== BLOCKS ====
0: BlockNode { nodes: [ExpressionNodeId(2)] } (13 to 16)
1: BlockNode { nodes: [StatementNodeId(0), StatementNodeId(1)] } (0 to 34)
==== NODE INDEXER ====
0: Variable(VariableNodeId(0)) (4 to 5) "x"
1: Name(NameNodeId(0)) (10 to 11) "a"
2: Param { name: NameNodeId(0), ty: None } (10 to 11)
3: Params([NodeId(0)]) (9 to 12)
4: Variable(VariableNodeId(1)) (13 to 15) "$a"
5: BlockNode { nodes: [ExpressionNodeId(2)] } (13 to 16)
6: Closure { params: Some(NodeId(1)), block: BlockId(0) } (8 to 17)
7: Let { variable_name: VariableNodeId(0), ty: None, initializer: ExpressionNodeId(3), is_mutable: false } (0 to 17)
8: Variable(VariableNodeId(2)) (22 to 23) "y"
9: String(StringNodeId(0)) (28 to 29) "a"
10: String(StringNodeId(1)) (31 to 32) "b"
11: Record { pairs: [(ExpressionNodeId(5), ExpressionNodeId(6))] } (26 to 34)
12: Let { variable_name: VariableNodeId(2), ty: None, initializer: ExpressionNodeId(7), is_mutable: false } (18 to 34)
13: BlockNode { nodes: [StatementNodeId(0), StatementNodeId(1)] } (0 to 34)
==== SCOPE ====
0: Frame Scope, node_id: BlockId(1)
  variables: [ x: Variable(VariableNodeId(0)), y: Variable(VariableNodeId(2)) ]
1: Frame Scope, node_id: BlockId(0)
  variables: [ a: Name(NameNodeId(0)) ]
==== TYPES ====
0 -- ExpressionNodeId(0): closure
1 -- ExpressionNodeId(1): unknown
2 -- NodeId(0): any
3 -- NodeId(1): forbidden
4 -- ExpressionNodeId(2): unknown
5 -- BlockId(0): unknown
6 -- ExpressionNodeId(3): closure
7 -- StatementNodeId(0): ()
8 -- ExpressionNodeId(4): record<a: string>
9 -- ExpressionNodeId(5): unknown
10 -- ExpressionNodeId(6): string
11 -- ExpressionNodeId(7): record<a: string>
12 -- StatementNodeId(1): ()
13 -- BlockId(1): ()
==== IR ====
register_count: 0
file_count: 0
==== IR ERRORS ====
Error (NodeId StatementNodeId(0)): statement generation not supported yet
