---
source: src/test.rs
expression: evaluate_example(path)
input_file: tests/reparse.nu
---
==== COMPILER ====
0: Name (4 to 7)
1: Name (9 to 10)
2: Garbage (10 to 11)
3: Name (12 to 18)
4: Params([NodeId(1), NodeId(2), NodeId(3)]) (8 to 19)
5: Name (22 to 26)
6: Variable (27 to 29)
7: Block(BlockId(0)) (20 to 31)
8: Def { name: NodeId(0), params: NodeId(4), return_ty: None, block: NodeId(7) } (0 to 31)
9: Name (33 to 36)
10: Int (37 to 38)
11: Block(BlockId(1)) (0 to 38)
==== COMPILER ERRORS ====
Error (NodeId 2): expect name
