---
source: src/test.rs
expression: evaluate_example(path)
input_file: tests/alias.nu
---
==== COMPILER ====
0: String (6 to 19) ""fancy alias""
1: Name (22 to 25) "foo"
2: Call { parts: [NodeId(1)], has_caret: false, as_alias: true } (22 to 25)
3: Alias { new_name: NodeId(0), old_name: NodeId(2) } (0 to 25)
4: Name (27 to 32) "fancy"
5: Name (33 to 38) "alias"
6: Call { parts: [NodeId(4), NodeId(5)], has_caret: false, as_alias: false } (27 to 38)
7: Block(BlockId(0)) (0 to 39)
==== SCOPE ====
0: Frame Scope, node_id: NodeId(7)
      decls: [ fancy alias: NodeId(0) ]
==== TYPES ====
0: unknown
1: unknown
2: unknown
3: ()
4: unknown
5: string
6: stream<binary>
7: stream<binary>
==== IR ====
register_count: 0
file_count: 0
==== IR ERRORS ====
Error (NodeId 3): node Alias { new_name: NodeId(0), old_name: NodeId(2) } not suported yet
