---
source: src/test.rs
expression: evaluate_example(path)
input_file: tests/closure3.nu
---
==== COMPILER ====
0: VarDecl (4 to 11) "closure"
1: Name (16 to 17) "a"
2: Name (19 to 22) "int"
3: Type(Ref { name: NodeId(2), args: None, optional: false }) (19 to 22)
4: Param { name: NodeId(1), ty: Some(NodeId(3)) } (16 to 22)
5: Name (24 to 25) "b"
6: Name (27 to 30) "int"
7: Type(Ref { name: NodeId(6), args: None, optional: false }) (27 to 30)
8: Param { name: NodeId(5), ty: Some(NodeId(7)) } (24 to 30)
9: Params([NodeId(4), NodeId(8)]) (15 to 31)
10: Expr(VarRef) (32 to 34) "$a"
11: Plus (35 to 36)
12: Expr(VarRef) (37 to 39) "$b"
13: LessThan (40 to 41)
14: Expr(Int) (42 to 43) "5"
15: Expr(BinaryOp { lhs: NodeId(10), op: NodeId(11), rhs: NodeId(12) }) (32 to 39)
16: Expr(BinaryOp { lhs: NodeId(15), op: NodeId(13), rhs: NodeId(14) }) (32 to 43)
17: Expr(Block(BlockId(0))) (32 to 43)
18: Expr(Closure { params: Some(NodeId(9)), block: NodeId(17) }) (14 to 44)
19: Stmt(Let { variable_name: NodeId(0), ty: None, initializer: NodeId(18), is_mutable: false }) (0 to 44)
20: Name (46 to 52) "filter"
21: Expr(VarRef) (53 to 61) "$closure"
22: Expr(Call { parts: [NodeId(20), NodeId(21)] }) (53 to 61)
23: Expr(Block(BlockId(1))) (0 to 62)
==== SCOPE ====
0: Frame Scope, node_id: NodeId(23)
  variables: [ closure: NodeId(0) ]
1: Frame Scope, node_id: NodeId(17)
  variables: [ a: NodeId(1), b: NodeId(5) ]
==== TYPES ====
0: closure
1: unknown
2: unknown
3: int
4: int
5: unknown
6: unknown
7: int
8: int
9: forbidden
10: int
11: forbidden
12: int
13: forbidden
14: int
15: int
16: bool
17: bool
18: closure
19: ()
20: unknown
21: closure
22: stream<binary>
23: stream<binary>
==== IR ====
register_count: 0
file_count: 0
==== IR ERRORS ====
Error (NodeId 19): node Stmt(Let { variable_name: NodeId(0), ty: None, initializer: NodeId(18), is_mutable: false }) not suported yet
