---
source: src/test.rs
expression: evaluate_example(path)
input_file: tests/def.nu
---
==== COMPILER ====
==== NAME ====
0: NameNode (4 to 7) "foo"
1: NameNode (9 to 10) "w"
2: NameNode (11 to 12) "x"
3: NameNode (14 to 17) "int"
4: NameNode (19 to 20) "y"
5: NameNode (22 to 26) "list"
6: NameNode (27 to 31) "list"
7: NameNode (32 to 35) "int"
8: NameNode (39 to 40) "z"
9: NameNode (42 to 48) "record"
10: NameNode (49 to 50) "a"
11: NameNode (52 to 53) "b"
12: NameNode (55 to 58) "int"
==== STRING ====

==== VARIABLE ====
0: VariableNode (66 to 68)
1: VariableNode (69 to 71)
2: VariableNode (73 to 75)
3: VariableNode (77 to 79)
==== EXPRESSION ====
0: Name(NameNodeId(0)) (4 to 7)
1: Name(NameNodeId(1)) (9 to 10)
2: Name(NameNodeId(2)) (11 to 12)
3: Name(NameNodeId(3)) (14 to 17)
4: Name(NameNodeId(4)) (19 to 20)
5: Name(NameNodeId(5)) (22 to 26)
6: Name(NameNodeId(6)) (27 to 31)
7: Name(NameNodeId(7)) (32 to 35)
8: Name(NameNodeId(8)) (39 to 40)
9: Name(NameNodeId(9)) (42 to 48)
10: Name(NameNodeId(10)) (49 to 50)
11: Name(NameNodeId(11)) (52 to 53)
12: Name(NameNodeId(12)) (55 to 58)
13: Variable(VariableNodeId(0)) (66 to 68)
14: Variable(VariableNodeId(1)) (69 to 71)
15: Variable(VariableNodeId(2)) (73 to 75)
16: Variable(VariableNodeId(3)) (77 to 79)
17: List([ExpressionNodeId(13), ExpressionNodeId(14), ExpressionNodeId(15), ExpressionNodeId(16)]) (64 to 80)
==== AST_NODES ====
0: Param { name: NameNodeId(1), ty: None } (9 to 10)
1: Type { name: NameNodeId(3), args: None, optional: false } (14 to 17)
2: Param { name: NameNodeId(2), ty: Some(NodeId(1)) } (11 to 17)
3: Type { name: NameNodeId(7), args: None, optional: false } (32 to 35)
4: TypeArgs([NodeId(3)]) (31 to 36)
5: Type { name: NameNodeId(6), args: Some(NodeId(4)), optional: false } (27 to 31)
6: TypeArgs([NodeId(5)]) (26 to 37)
7: Type { name: NameNodeId(5), args: Some(NodeId(6)), optional: false } (22 to 26)
8: Param { name: NameNodeId(4), ty: Some(NodeId(7)) } (19 to 26)
9: Param { name: NameNodeId(10), ty: None } (49 to 50)
10: Type { name: NameNodeId(12), args: None, optional: false } (55 to 58)
11: Param { name: NameNodeId(11), ty: Some(NodeId(10)) } (52 to 58)
12: Params([NodeId(9), NodeId(11)]) (48 to 59)
13: RecordType { fields: NodeId(12), optional: false } (42 to 60)
14: Param { name: NameNodeId(8), ty: Some(NodeId(13)) } (39 to 60)
15: Params([NodeId(0), NodeId(2), NodeId(8), NodeId(14)]) (8 to 61)
==== STATEMENTS ====
0: Def { name: Name(NameNodeId(0)), type_params: None, params: NodeId(15), in_out_types: None, block: BlockId(0), env: false, wrapped: false } (0 to 83)
==== BLOCKS ====
0: BlockNode { nodes: [ExpressionNodeId(17)] } (62 to 83)
1: BlockNode { nodes: [StatementNodeId(0)] } (0 to 83)
==== NODE INDEXER ====
0: Name(NameNodeId(0)) (4 to 7) "foo"
1: Name(NameNodeId(1)) (9 to 10) "w"
2: Param { name: NameNodeId(1), ty: None } (9 to 10)
3: Name(NameNodeId(2)) (11 to 12) "x"
4: Name(NameNodeId(3)) (14 to 17) "int"
5: Type { name: NameNodeId(3), args: None, optional: false } (14 to 17)
6: Param { name: NameNodeId(2), ty: Some(NodeId(1)) } (11 to 17)
7: Name(NameNodeId(4)) (19 to 20) "y"
8: Name(NameNodeId(5)) (22 to 26) "list"
9: Name(NameNodeId(6)) (27 to 31) "list"
10: Name(NameNodeId(7)) (32 to 35) "int"
11: Type { name: NameNodeId(7), args: None, optional: false } (32 to 35)
12: TypeArgs([NodeId(3)]) (31 to 36)
13: Type { name: NameNodeId(6), args: Some(NodeId(4)), optional: false } (27 to 31)
14: TypeArgs([NodeId(5)]) (26 to 37)
15: Type { name: NameNodeId(5), args: Some(NodeId(6)), optional: false } (22 to 26)
16: Param { name: NameNodeId(4), ty: Some(NodeId(7)) } (19 to 26)
17: Name(NameNodeId(8)) (39 to 40) "z"
18: Name(NameNodeId(9)) (42 to 48) "record"
19: Name(NameNodeId(10)) (49 to 50) "a"
20: Param { name: NameNodeId(10), ty: None } (49 to 50)
21: Name(NameNodeId(11)) (52 to 53) "b"
22: Name(NameNodeId(12)) (55 to 58) "int"
23: Type { name: NameNodeId(12), args: None, optional: false } (55 to 58)
24: Param { name: NameNodeId(11), ty: Some(NodeId(10)) } (52 to 58)
25: Params([NodeId(9), NodeId(11)]) (48 to 59)
26: RecordType { fields: NodeId(12), optional: false } (42 to 60)
27: Param { name: NameNodeId(8), ty: Some(NodeId(13)) } (39 to 60)
28: Params([NodeId(0), NodeId(2), NodeId(8), NodeId(14)]) (8 to 61)
29: Variable(VariableNodeId(0)) (66 to 68) "$w"
30: Variable(VariableNodeId(1)) (69 to 71) "$x"
31: Variable(VariableNodeId(2)) (73 to 75) "$y"
32: Variable(VariableNodeId(3)) (77 to 79) "$z"
33: List([ExpressionNodeId(13), ExpressionNodeId(14), ExpressionNodeId(15), ExpressionNodeId(16)]) (64 to 80)
34: BlockNode { nodes: [ExpressionNodeId(17)] } (62 to 83)
35: Def { name: Name(NameNodeId(0)), type_params: None, params: NodeId(15), in_out_types: None, block: BlockId(0), env: false, wrapped: false } (0 to 83)
36: BlockNode { nodes: [StatementNodeId(0)] } (0 to 83)
==== SCOPE ====
0: Frame Scope, node_id: BlockId(1)
      decls: [ foo: Name(NameNodeId(0)) ]
1: Frame Scope, node_id: BlockId(0)
  variables: [ w: Name(NameNodeId(1)), x: Name(NameNodeId(2)), y: Name(NameNodeId(4)), z: Name(NameNodeId(8)) ]
==== TYPES ====
0 -- ExpressionNodeId(0): unknown
1 -- ExpressionNodeId(1): unknown
2 -- NodeId(0): any
3 -- ExpressionNodeId(2): unknown
4 -- ExpressionNodeId(3): unknown
5 -- NodeId(1): int
6 -- NodeId(2): int
7 -- ExpressionNodeId(4): unknown
8 -- ExpressionNodeId(5): unknown
9 -- ExpressionNodeId(6): unknown
10 -- ExpressionNodeId(7): unknown
11 -- NodeId(3): int
12 -- NodeId(4): forbidden
13 -- NodeId(5): list<int>
14 -- NodeId(6): forbidden
15 -- NodeId(7): list<list<int>>
16 -- NodeId(8): list<list<int>>
17 -- ExpressionNodeId(8): unknown
18 -- ExpressionNodeId(9): unknown
19 -- ExpressionNodeId(10): unknown
20 -- NodeId(9): unknown
21 -- ExpressionNodeId(11): unknown
22 -- ExpressionNodeId(12): unknown
23 -- NodeId(10): int
24 -- NodeId(11): unknown
25 -- NodeId(12): unknown
26 -- NodeId(13): record<a: any, b: int>
27 -- NodeId(14): record<a: any, b: int>
28 -- NodeId(15): forbidden
29 -- ExpressionNodeId(13): unknown
30 -- ExpressionNodeId(14): int
31 -- ExpressionNodeId(15): list<list<int>>
32 -- ExpressionNodeId(16): record<a: any, b: int>
33 -- ExpressionNodeId(17): list<any>
34 -- BlockId(0): list<any>
35 -- StatementNodeId(0): ()
36 -- BlockId(1): ()
==== IR ====
register_count: 0
file_count: 0
==== IR ERRORS ====
Error (NodeId StatementNodeId(0)): statement generation not supported yet
