---
source: src/test.rs
expression: evaluate_example(path)
input_file: tests/record2.nu
---
==== COMPILER ====
0: Expr(String) (1 to 4) ""a""
1: Expr(Int) (6 to 7) "1"
2: Expr(String) (9 to 12) ""b""
3: Expr(Int) (14 to 15) "2"
4: Expr(Record { pairs: [(NodeId(0), NodeId(1)), (NodeId(2), NodeId(3))] }) (0 to 16)
5: Expr(Block(BlockId(0))) (0 to 17)
==== SCOPE ====
0: Frame Scope, node_id: NodeId(5) (empty)
==== TYPES ====
0: unknown
1: int
2: unknown
3: int
4: record<"a": int, "b": int>
5: record<"a": int, "b": int>
==== IR ====
register_count: 0
file_count: 0
==== IR ERRORS ====
Error (NodeId 4): node Expr(Record { pairs: [(NodeId(0), NodeId(1)), (NodeId(2), NodeId(3))] }) not suported yet
