---
source: src/test.rs
expression: evaluate_example(path)
input_file: tests/math_precedence.nu
---
==== COMPILER ====
==== NAME ====

==== STRING ====

==== VARIABLE ====

==== EXPRESSION ====
0: Int (0 to 1)
1: Int (4 to 5)
2: Int (8 to 9)
3: Int (12 to 13)
4: BinaryOp { lhs: ExpressionNodeId(1), op: NodeId(1), rhs: ExpressionNodeId(2) } (4 to 9)
5: BinaryOp { lhs: ExpressionNodeId(0), op: NodeId(0), rhs: ExpressionNodeId(4) } (0 to 9)
6: BinaryOp { lhs: ExpressionNodeId(5), op: NodeId(2), rhs: ExpressionNodeId(3) } (0 to 13)
==== AST_NODES ====
0: Plus (2 to 3)
1: Multiply (6 to 7)
2: Plus (10 to 11)
==== STATEMENTS ====

==== BLOCKS ====
0: BlockNode { nodes: [ExpressionNodeId(6)] } (0 to 13)
==== NODE INDEXER ====
0: Int (0 to 1) "1"
1: Plus (2 to 3)
2: Int (4 to 5) "2"
3: Multiply (6 to 7)
4: Int (8 to 9) "3"
5: Plus (10 to 11)
6: Int (12 to 13) "4"
7: BinaryOp { lhs: ExpressionNodeId(1), op: NodeId(1), rhs: ExpressionNodeId(2) } (4 to 9)
8: BinaryOp { lhs: ExpressionNodeId(0), op: NodeId(0), rhs: ExpressionNodeId(4) } (0 to 9)
9: BinaryOp { lhs: ExpressionNodeId(5), op: NodeId(2), rhs: ExpressionNodeId(3) } (0 to 13)
10: BlockNode { nodes: [ExpressionNodeId(6)] } (0 to 13)
==== SCOPE ====
0: Frame Scope, node_id: BlockId(0) (empty)
==== TYPES ====
0 -- ExpressionNodeId(0): int
1 -- NodeId(0): forbidden
2 -- ExpressionNodeId(1): int
3 -- NodeId(1): forbidden
4 -- ExpressionNodeId(2): int
5 -- NodeId(2): forbidden
6 -- ExpressionNodeId(3): int
7 -- ExpressionNodeId(4): int
8 -- ExpressionNodeId(5): int
9 -- ExpressionNodeId(6): int
10 -- BlockId(0): int
==== IR ====
register_count: 4
file_count: 0
0: LoadLiteral { dst: RegId(0), lit: Int(1) }
1: LoadLiteral { dst: RegId(1), lit: Int(2) }
2: LoadLiteral { dst: RegId(2), lit: Int(3) }
3: BinaryOp { lhs_dst: RegId(1), op: Math(Multiply), rhs: RegId(2) }
4: BinaryOp { lhs_dst: RegId(0), op: Math(Plus), rhs: RegId(1) }
5: LoadLiteral { dst: RegId(3), lit: Int(4) }
6: BinaryOp { lhs_dst: RegId(0), op: Math(Plus), rhs: RegId(3) }
7: Return { src: RegId(0) }
