---
source: src/test.rs
expression: evaluate_example(path)
input_file: tests/list.nu
snapshot_kind: text
---
==== COMPILER ====
0: Int (1 to 2) "1"
1: Int (4 to 5) "2"
2: Int (7 to 8) "3"
3: List([NodeId(0), NodeId(1), NodeId(2)]) (0 to 8)
4: Int (11 to 12) "0"
5: Int (13 to 14) "1"
6: Int (15 to 16) "2"
7: List([NodeId(4), NodeId(5), NodeId(6)]) (10 to 16)
8: String (19 to 22) ""0""
9: String (23 to 26) ""1""
10: String (27 to 30) ""2""
11: List([NodeId(8), NodeId(9), NodeId(10)]) (18 to 30)
12: Int (33 to 34) "0"
13: Int (35 to 36) "1"
14: Float (37 to 40) "2.2"
15: List([NodeId(12), NodeId(13), NodeId(14)]) (32 to 40)
16: Int (43 to 44) "0"
17: Int (45 to 46) "1"
18: String (47 to 50) ""2""
19: List([NodeId(16), NodeId(17), NodeId(18)]) (42 to 50)
20: Block(BlockId(0)) (0 to 52)
==== SCOPE ====
0: Frame Scope, node_id: NodeId(20) (empty)
==== TYPES ====
0: int
1: int
2: int
3: list<int>
4: int
5: int
6: int
7: list<int>
8: string
9: string
10: string
11: list<string>
12: int
13: int
14: float
15: list<number>
16: int
17: int
18: string
19: list<any>
20: list<any>
==== IR ====
register_count: 10
file_count: 10
0: LoadLiteral { dst: RegId(0), lit: Int(1) }
1: LoadLiteral { dst: RegId(1), lit: Int(2) }
2: LoadLiteral { dst: RegId(2), lit: Int(3) }
3: LoadLiteral { dst: RegId(3), lit: Int(0) }
4: LoadLiteral { dst: RegId(4), lit: Int(1) }
5: LoadLiteral { dst: RegId(5), lit: Int(2) }
6: LoadLiteral { dst: RegId(6), lit: Int(0) }
7: LoadLiteral { dst: RegId(7), lit: Int(1) }
8: LoadLiteral { dst: RegId(8), lit: Int(0) }
9: LoadLiteral { dst: RegId(9), lit: Int(1) }
10: Return { src: RegId(0) }
==== IR ERRORS ====
Error (NodeId 3): node List([NodeId(0), NodeId(1), NodeId(2)]) not suported yet
Error (NodeId 7): node List([NodeId(4), NodeId(5), NodeId(6)]) not suported yet
Error (NodeId 8): node String not suported yet
Error (NodeId 9): node String not suported yet
Error (NodeId 10): node String not suported yet
Error (NodeId 11): node List([NodeId(8), NodeId(9), NodeId(10)]) not suported yet
Error (NodeId 14): node Float not suported yet
Error (NodeId 15): node List([NodeId(12), NodeId(13), NodeId(14)]) not suported yet
Error (NodeId 18): node String not suported yet
Error (NodeId 19): node List([NodeId(16), NodeId(17), NodeId(18)]) not suported yet
Error (NodeId 20): node Block(BlockId(0)) not suported yet
