---
source: src/test.rs
expression: evaluate_example(path)
input_file: tests/if_oneof.nu
---
==== COMPILER ====
0: Variable (4 to 5) "x"
1: Int (8 to 11) "123"
2: PipeElement { expr: NodeId(1), redirection: None } (8 to 11)
3: Let { variable_name: NodeId(0), ty: None, initializer: NodeId(2), is_mutable: false } (0 to 11)
4: Variable (17 to 18) "z"
5: Name (20 to 25) "oneof"
6: Name (26 to 32) "string"
7: Type { name: NodeId(6), args: None, optional: false } (26 to 32)
8: Name (34 to 37) "int"
9: Type { name: NodeId(8), args: None, optional: false } (34 to 37)
10: TypeArgs(TypeArgsId(0)) (25 to 38)
11: Type { name: NodeId(5), args: Some(NodeId(10)), optional: false } (20 to 25)
12: Variable (44 to 46) "$x"
13: LessThan (47 to 48)
14: Int (49 to 51) "50"
15: BinaryOp { lhs: NodeId(12), op: NodeId(13), rhs: NodeId(14) } (44 to 51)
16: String (56 to 61) ""foo""
17: Block(BlockId(0)) (52 to 64)
18: Int (73 to 76) "100"
19: Block(BlockId(1)) (69 to 78)
20: If { condition: NodeId(15), then_block: NodeId(17), else_block: Some(NodeId(19)) } (41 to 78)
21: PipeElement { expr: NodeId(20), redirection: None } (41 to 78)
22: Let { variable_name: NodeId(4), ty: Some(NodeId(11)), initializer: NodeId(21), is_mutable: false } (13 to 78)
23: Variable (118 to 119) "y"
24: Name (121 to 126) "oneof"
25: Name (127 to 130) "int"
26: Type { name: NodeId(25), args: None, optional: false } (127 to 130)
27: TypeArgs(TypeArgsId(1)) (126 to 131)
28: Type { name: NodeId(24), args: Some(NodeId(27)), optional: false } (121 to 126)
29: Variable (137 to 139) "$x"
30: LessThan (140 to 141)
31: Int (142 to 144) "50"
32: BinaryOp { lhs: NodeId(29), op: NodeId(30), rhs: NodeId(31) } (137 to 144)
33: Int (149 to 152) "100"
34: Block(BlockId(2)) (145 to 155)
35: Int (164 to 166) "10"
36: Block(BlockId(3)) (160 to 168)
37: If { condition: NodeId(32), then_block: NodeId(34), else_block: Some(NodeId(36)) } (134 to 168)
38: PipeElement { expr: NodeId(37), redirection: None } (134 to 168)
39: Let { variable_name: NodeId(23), ty: Some(NodeId(28)), initializer: NodeId(38), is_mutable: false } (114 to 168)
40: Variable (170 to 172) "$z"
41: Block(BlockId(4)) (0 to 173)
==== SCOPE ====
0: Frame Scope, node_id: NodeId(41)
  variables: [ x: NodeId(0), y: NodeId(23), z: NodeId(4) ]
1: Frame Scope, node_id: NodeId(17) (empty)
2: Frame Scope, node_id: NodeId(19) (empty)
3: Frame Scope, node_id: NodeId(34) (empty)
4: Frame Scope, node_id: NodeId(36) (empty)
==== TYPES ====
0: int
1: int
2: int
3: ()
4: oneof<int, string>
5: unknown
6: unknown
7: string
8: unknown
9: int
10: forbidden
11: oneof<int, string>
12: int
13: forbidden
14: int
15: bool
16: string
17: string
18: int
19: int
20: oneof<int, string>
21: oneof<int, string>
22: ()
23: int
24: unknown
25: unknown
26: int
27: forbidden
28: int
29: int
30: forbidden
31: int
32: bool
33: int
34: int
35: int
36: int
37: int
38: int
39: ()
40: oneof<int, string>
41: oneof<int, string>
==== IR ====
register_count: 0
file_count: 0
==== IR ERRORS ====
Error (NodeId 3): node Let { variable_name: NodeId(0), ty: None, initializer: NodeId(2), is_mutable: false } not suported yet
